<html>
<body>
<pre>
<h1>µVision Build Log</h1>
<h2>Tool Versions:</h2>
IDE-Version: µVision V5.22.0.0
Copyright (C) 2016 ARM Ltd and ARM Germany GmbH. All rights reserved.
License Information: mauro mauro, -----, LIC=DSN01-CF3BV-NTG3G-VEAWC-LE2B3-R2HMM
 
Tool Versions:
Toolchain:       MDK-ARM Professional  Version: 5.22
Toolchain Path:  C:\Keil_v5\ARM\ARMCC\Bin
C Compiler:      Armcc.exe V5.06 update 4 (build 422)
Assembler:       Armasm.exe V5.06 update 4 (build 422)
Linker/Locator:  ArmLink.exe V5.06 update 4 (build 422)
Library Manager: ArmAr.exe V5.06 update 4 (build 422)
Hex Converter:   FromElf.exe V5.06 update 4 (build 422)
CPU DLL:         SARMCM3.DLL V5.22
Dialog DLL:      DARMCM1.DLL V1.15.0.0
Target DLL:      Segger\JL2CM3.dll V2.99.23.0
Dialog DLL:      TARMCM1.DLL V1.11.0.0
 
<h2>Project:</h2>
D:\TITOMA\nrf_codes\FW\local\TIMESLOT\timeslot_uesb\nrf51-micro-esb-master\prx\arm\micro_esb_prx.uvprojx
Project File Date:  08/22/2018

<h2>Output:</h2>
*** Using Compiler 'V5.06 update 4 (build 422)', folder: 'C:\Keil_v5\ARM\ARMCC\Bin'
Build target 'nrf51822_xxac (256K)_s130'
assembling arm_startup_nrf51.s...
compiling nrf_delay.c...
compiling system_nrf51.c...
compiling main.c...
..\main.c(35): warning:  #223-D: function "tinyrx_setup_rx" declared implicitly
        tinyrx_setup_rx();
..\main.c: 1 warning, 0 errors
compiling simple_uart.c...
compiling tinyRFRX.c...
linking...
Program Size: Code=2620 RO-data=264 RW-data=32 ZI-data=2496  
FromELF: creating hex file...
".\_build\tiny_esb_ptx.axf" - 0 Error(s), 1 Warning(s).

<h2>Software Packages used:</h2>

Package Vendor: ARM
                http://www.keil.com/pack/ARM.CMSIS.5.2.0.pack
                ARM::CMSIS:CORE:5.0.2
                CMSIS (Cortex Microcontroller Software Interface Standard)
   * Component: CORE Version: 5.0.2

Package Vendor: NordicSemiconductor
                http://developer.nordicsemi.com/nRF5_SDK/pieces/nRF_DeviceFamilyPack/NordicSemiconductor.nRF_DeviceFamilyPack.8.17.0.pack
                NordicSemiconductor::Device:StartupConfig:8.17.0
                Nordic Semiconductor nRF ARM devices Device Family Pack.
   * Component: StartupConfig Version: 8.17.0
   * Component: Startup Version: 8.17.0

Package Vendor: NordicSemiconductor
                http://developer.nordicsemi.com/nRF51_SDK/pieces/nRF_Drivers/NordicSemiconductor.nRF_Drivers.4.0.0-2.alpha.pack
                NordicSemiconductor::nRF_Drivers:nrf_gpio:4.0.0-2.alpha
                Drivers for Nordic Semiconductor nRF family.
   * Component: nrf_gpio Version: 4.0.0-2.alpha
   * Component: nrf_delay Version: 4.0.0-2.alpha

<h2>Collection of Component include folders:</h2>
  D:\TITOMA\nrf_codes\FW\local\TIMESLOT\timeslot_uesb\nrf51-micro-esb-master\prx\arm\RTE\Device\nRF51822_xxAC
  D:\TITOMA\nrf_codes\FW\local\TIMESLOT\timeslot_uesb\nrf51-micro-esb-master\prx\arm\RTE\_nrf51822_xxac__256K__s130
  C:\Keil_v5\ARM\PACK\ARM\CMSIS\5.2.0\CMSIS\Include
  C:\Keil_v5\ARM\PACK\NordicSemiconductor\nRF_DeviceFamilyPack\8.17.0\Device\Include
  C:\Keil_v5\ARM\PACK\NordicSemiconductor\nRF_Drivers\4.0.0-2.alpha\delay
  C:\Keil_v5\ARM\PACK\NordicSemiconductor\nRF_Drivers\4.0.0-2.alpha\hal

<h2>Collection of Component Files used:</h2>

   * Component: ARM::CMSIS:CORE:5.0.2

   * Component: NordicSemiconductor::Device:StartupConfig:8.17.0
      Include file:  Device\Source\startup_config.h

   * Component: NordicSemiconductor::Device:Startup:8.17.0
      Source file:   Device\Source\arm\arm_startup_nrf51.s
      Source file:   Device\Source\system_nrf51.c
      Include file:  Device\Include\system_nrf51.h

   * Component: NordicSemiconductor::nRF_Drivers:nrf_gpio:4.0.0-2.alpha
      Include file:  hal\nrf_gpio.h

   * Component: NordicSemiconductor::nRF_Drivers:nrf_delay:4.0.0-2.alpha
      Source file:   delay\nrf_delay.c
      Include file:  delay\nrf_delay.h
Build Time Elapsed:  00:00:01
</pre>
</body>
</html>
